TEST RESULTS 

login feature:
PASS 

Payment Feature:
PASS 

integration:
PASS 

critical Bugs:
0

Status:
APPROVED FOR PRODUCTION 
